1. bunte vegane Gnocchi mit Pastinaken, Topinambur und Möhren- vegan _[Wz,So,Sel]_ *2,27*

2. Hirtenrolle _[Wz,Ei,So,Mi]_ Reis mit Tomaten - Basilikum - Soße _[1,Wz,Mi,Sel]_ *2,29*